gen  0 best rms 0.1794 (linf 0.401 mean 0.437)  median rms 0.3048  | valkyrie,giant-skeleton,three-musketeers,mega-minion,electro-wizard,furnace,arrows,giant-snowball
gen  1 best rms 0.1769 (linf 0.333 mean 0.459)  median rms 0.2689  | valkyrie,giant-skeleton,three-musketeers,mega-minion,electro-wizard,furnace,arrows,giant-snowball
gen  2 best rms 0.1926 (linf 0.500 mean 0.456)  median rms 0.2586  | skeleton-army,sparky,battle-ram,executioner,night-witch,flying-machine,electro-dragon,giant-snowball
gen  3 best rms 0.1843 (linf 0.500 mean 0.492)  median rms 0.2515  | skeleton-army,sparky,battle-ram,executioner,night-witch,flying-machine,electro-dragon,giant-snowball
gen  4 best rms 0.1743 (linf 0.500 mean 0.497)  median rms 0.2388  | skeleton-army,sparky,battle-ram,executioner,night-witch,flying-machine,electro-dragon,giant-snowball
gen  5 best rms 0.1472 (linf 0.332 mean 0.514)  median rms 0.2431  | knight,goblins,musketeer,baby-dragon,mini-pekka,royal-giant,arrows,rocket
gen  6 best rms 0.1779 (linf 0.500 mean 0.516)  median rms 0.2411  | knight,goblins,musketeer,baby-dragon,mini-pekka,royal-giant,arrows,rocket
gen  7 best rms 0.1813 (linf 0.500 mean 0.500)  median rms 0.2278  | goblins,musketeer,baby-dragon,mini-pekka,giant-skeleton,royal-giant,arrows,rocket
gen  8 best rms 0.1716 (linf 0.334 mean 0.515)  median rms 0.2458  | archers,valkyrie,miner,inferno-dragon,electro-dragon,fireball,goblin-barrel,zap
gen  9 best rms 0.1693 (linf 0.375 mean 0.547)  median rms 0.2442  | princess,sparky,battle-ram,mega-minion,executioner,electro-dragon,furnace,lightning
gen 10 best rms 0.1800 (linf 0.500 mean 0.575)  median rms 0.2313  | skeleton-army,prince,royal-giant,princess,sparky,mega-minion,executioner,electro-dragon
gen 11 best rms 0.1580 (linf 0.375 mean 0.552)  median rms 0.2330  | skeleton-army,prince,royal-giant,princess,sparky,mega-minion,executioner,electro-dragon
gen 12 best rms 0.1690 (linf 0.271 mean 0.485)  median rms 0.2379  | golem,skeleton-army,sparky,zappies,flying-machine,electro-dragon,mortar,goblin-barrel
gen 13 best rms 0.1696 (linf 0.375 mean 0.571)  median rms 0.2462  | golem,sparky,battle-ram,mega-minion,executioner,wall-breakers,lightning,giant-snowball
gen 14 best rms 0.1560 (linf 0.349 mean 0.526)  median rms 0.2434  | golem,sparky,battle-ram,mega-minion,executioner,wall-breakers,lightning,giant-snowball
gen 15 best rms 0.1757 (linf 0.500 mean 0.496)  median rms 0.2459  | skeleton-army,sparky,executioner,skeleton-barrel,firecracker,inferno-tower,the-log,giant-snowball
gen 16 best rms 0.1709 (linf 0.500 mean 0.522)  median rms 0.2519  | golem,sparky,battle-ram,mega-minion,executioner,wall-breakers,lightning,giant-snowball
gen 17 best rms 0.1663 (linf 0.335 mean 0.544)  median rms 0.2406  | golem,skeleton-army,sparky,battle-ram,executioner,flying-machine,firecracker,giant-snowball
gen 18 best rms 0.1731 (linf 0.500 mean 0.497)  median rms 0.2414  | barbarians,prince,guards,princess,lava-hound,mega-minion,executioner,electro-dragon
gen 19 best rms 0.1562 (linf 0.375 mean 0.492)  median rms 0.2256  | golem,ice-spirit,sparky,battle-ram,mega-minion,executioner,wall-breakers,rocket
gen 20 best rms 0.1582 (linf 0.315 mean 0.487)  median rms 0.2402  | golem,bomber,sparky,battle-ram,mega-minion,executioner,wall-breakers,giant-snowball
gen 21 best rms 0.1636 (linf 0.250 mean 0.532)  median rms 0.2446  | golem,ice-spirit,sparky,battle-ram,mega-minion,executioner,wall-breakers,rocket
gen 22 best rms 0.1811 (linf 0.500 mean 0.491)  median rms 0.2318  | goblins,sparky,mega-minion,electro-wizard,executioner,electro-spirit,mortar,rocket
gen 23 best rms 0.1739 (linf 0.335 mean 0.499)  median rms 0.2258  | golem,sparky,battle-ram,mega-minion,executioner,wall-breakers,rocket,giant-snowball
gen 24 best rms 0.1643 (linf 0.334 mean 0.502)  median rms 0.2446  | goblins,sparky,mega-minion,electro-wizard,executioner,electro-spirit,mortar,rocket
gen 25 best rms 0.1824 (linf 0.500 mean 0.490)  median rms 0.2581  | royal-giant,fire-spirit,sparky,battle-ram,executioner,wall-breakers,barbarian-hut,rocket
gen 26 best rms 0.1780 (linf 0.500 mean 0.482)  median rms 0.2536  | goblins,golem,sparky,bowler,mega-minion,executioner,royal-hogs,arrows
gen 27 best rms 0.1523 (linf 0.335 mean 0.415)  median rms 0.2398  | goblins,golem,sparky,bowler,mega-minion,executioner,royal-hogs,arrows
gen 28 best rms 0.1747 (linf 0.286 mean 0.428)  median rms 0.2435  | goblins,golem,sparky,bowler,mega-minion,executioner,royal-hogs,arrows
gen 29 best rms 0.1675 (linf 0.375 mean 0.536)  median rms 0.2672  | goblins,golem,baby-dragon,spear-goblins,sparky,battle-ram,electro-wizard,bomb-tower
gen 30 best rms 0.1751 (linf 0.394 mean 0.537)  median rms 0.2879  | goblins,golem,baby-dragon,sparky,battle-ram,electro-wizard,bomb-tower,lightning
gen 31 best rms 0.1720 (linf 0.375 mean 0.448)  median rms 0.2551  | balloon,baby-dragon,mini-pekka,spear-goblins,princess,sparky,battle-ram,electro-wizard
gen 32 best rms 0.1775 (linf 0.500 mean 0.474)  median rms 0.2477  | balloon,baby-dragon,mini-pekka,spear-goblins,princess,sparky,battle-ram,electro-wizard
gen 33 best rms 0.1750 (linf 0.315 mean 0.456)  median rms 0.2429  | golem,sparky,battle-ram,mega-minion,executioner,wall-breakers,rocket,giant-snowball
gen 34 best rms 0.1690 (linf 0.319 mean 0.585)  median rms 0.2456  | goblins,giant,sparky,mega-minion,executioner,goblin-hut,furnace,poison
gen 35 best rms 0.1690 (linf 0.375 mean 0.493)  median rms 0.2316  | golem,prince,guards,sparky,battle-ram,zappies,poison,giant-snowball
gen 36 best rms 0.1588 (linf 0.375 mean 0.601)  median rms 0.2421  | golem,guards,dark-prince,sparky,battle-ram,mega-minion,zappies,poison
gen 37 best rms 0.1757 (linf 0.500 mean 0.434)  median rms 0.2489  | giant,spear-goblins,lava-hound,sparky,mega-minion,executioner,furnace,arrows
gen 38 best rms 0.1852 (linf 0.500 mean 0.447)  median rms 0.2710  | archers,golem,lava-hound,miner,sparky,bats,inferno-tower,zap
gen 39 best rms 0.1647 (linf 0.375 mean 0.468)  median rms 0.2398  | archers,skeletons,hog-rider,princess,fire-spirit,sparky,flying-machine,bomb-tower
gen 40 best rms 0.1705 (linf 0.500 mean 0.506)  median rms 0.2397  | archers,skeletons,hog-rider,princess,fire-spirit,sparky,flying-machine,bomb-tower
gen 41 best rms 0.1615 (linf 0.401 mean 0.447)  median rms 0.2450  | giant,spear-goblins,lava-hound,sparky,mega-minion,executioner,furnace,arrows
gen 42 best rms 0.1752 (linf 0.250 mean 0.511)  median rms 0.2399  | baby-dragon,dark-prince,sparky,battle-ram,goblin-gang,zappies,firecracker,electro-spirit
gen 43 best rms 0.1569 (linf 0.375 mean 0.480)  median rms 0.2390  | balloon,golem,sparky,battle-ram,mega-minion,dart-goblin,executioner,mortar
gen 44 best rms 0.1621 (linf 0.375 mean 0.480)  median rms 0.2452  | knight,minions,golem,ice-wizard,sparky,battle-ram,poison,giant-snowball
gen 45 best rms 0.1393 (linf 0.250 mean 0.495)  median rms 0.2570  | minions,golem,dark-prince,sparky,zappies,rascals,firecracker,poison
gen 46 best rms 0.1652 (linf 0.500 mean 0.513)  median rms 0.2325  | minions,golem,dark-prince,sparky,zappies,rascals,firecracker,poison
gen 47 best rms 0.1544 (linf 0.374 mean 0.490)  median rms 0.2473  | knight,minions,golem,ice-wizard,sparky,battle-ram,poison,giant-snowball
gen 48 best rms 0.1519 (linf 0.332 mean 0.497)  median rms 0.2323  | knight,skeletons,dark-prince,battle-ram,zappies,elixir-collector,arrows,poison
gen 49 best rms 0.1688 (linf 0.375 mean 0.476)  median rms 0.2336  | archers,golem,sparky,firecracker,skeleton-dragons,bomb-tower,arrows,zap
gen 50 best rms 0.1718 (linf 0.500 mean 0.495)  median rms 0.2453  | minions,golem,sparky,ice-golem,zappies,cannon,inferno-tower,poison
gen 51 best rms 0.1265 (linf 0.250 mean 0.504)  median rms 0.2255  | minions,golem,dark-prince,sparky,zappies,rascals,firecracker,poison
gen 52 best rms 0.1739 (linf 0.335 mean 0.493)  median rms 0.2415  | minions,golem,sparky,ice-golem,zappies,cannon,inferno-tower,poison
gen 53 best rms 0.1625 (linf 0.374 mean 0.472)  median rms 0.2529  | knight,minions,golem,musketeer,hog-rider,sparky,poison,giant-snowball
gen 54 best rms 0.1536 (linf 0.375 mean 0.486)  median rms 0.2394  | giant,baby-dragon,sparky,bats,flying-machine,barbarian-hut,furnace,giant-snowball
gen 55 best rms 0.1472 (linf 0.401 mean 0.501)  median rms 0.2421  | minions,golem,sparky,zappies,cannon,mortar,inferno-tower,poison
gen 56 best rms 0.1606 (linf 0.500 mean 0.524)  median rms 0.2306  | minions,golem,ice-wizard,sparky,ice-golem,cannon,mortar,poison
gen 57 best rms 0.1391 (linf 0.375 mean 0.510)  median rms 0.2333  | minions,golem,ice-wizard,sparky,ice-golem,cannon,mortar,poison
gen 58 best rms 0.1600 (linf 0.286 mean 0.468)  median rms 0.2550  | minions,golem,musketeer,sparky,cannon,mortar,inferno-tower,poison
gen 59 best rms 0.1626 (linf 0.300 mean 0.440)  median rms 0.2412  | balloon,barbarians,musketeer,princess,miner,sparky,flying-machine,zap
wrote top candidates
